
Discarded input sections

 .group         0x00000000        0xc ./source/App.o
 .group         0x00000000        0xc ./source/App.o
 .group         0x00000000        0xc ./source/App.o
 .group         0x00000000        0xc ./source/App.o
 .group         0x00000000        0xc ./source/App.o
 .group         0x00000000        0xc ./source/App.o
 .group         0x00000000        0xc ./source/App.o
 .group         0x00000000        0xc ./source/App.o
 .group         0x00000000        0xc ./source/App.o
 .group         0x00000000        0xc ./source/App.o
 .text          0x00000000        0x0 ./source/App.o
 .data          0x00000000        0x0 ./source/App.o
 .bss           0x00000000        0x0 ./source/App.o
 .group         0x00000000        0xc ./source/CircularBuffer.o
 .group         0x00000000        0xc ./source/CircularBuffer.o
 .text          0x00000000        0x0 ./source/CircularBuffer.o
 .data          0x00000000        0x0 ./source/CircularBuffer.o
 .bss           0x00000000        0x0 ./source/CircularBuffer.o
 .text.push     0x00000000       0x52 ./source/CircularBuffer.o
 .text.pop      0x00000000       0x54 ./source/CircularBuffer.o
 .text.isEmpty  0x00000000       0x26 ./source/CircularBuffer.o
 .text.isFull   0x00000000       0x28 ./source/CircularBuffer.o
 .debug_info    0x00000000      0x16d ./source/CircularBuffer.o
 .debug_abbrev  0x00000000       0xd6 ./source/CircularBuffer.o
 .debug_aranges
                0x00000000       0x38 ./source/CircularBuffer.o
 .debug_ranges  0x00000000       0x28 ./source/CircularBuffer.o
 .debug_macro   0x00000000       0x30 ./source/CircularBuffer.o
 .debug_macro   0x00000000      0xa5a ./source/CircularBuffer.o
 .debug_macro   0x00000000       0x22 ./source/CircularBuffer.o
 .debug_line    0x00000000       0xfc ./source/CircularBuffer.o
 .debug_str     0x00000000     0x2e99 ./source/CircularBuffer.o
 .comment       0x00000000       0x7f ./source/CircularBuffer.o
 .debug_frame   0x00000000       0xb0 ./source/CircularBuffer.o
 .ARM.attributes
                0x00000000       0x39 ./source/CircularBuffer.o
 .group         0x00000000        0xc ./source/SysTick.o
 .group         0x00000000        0xc ./source/SysTick.o
 .group         0x00000000        0xc ./source/SysTick.o
 .group         0x00000000        0xc ./source/SysTick.o
 .group         0x00000000        0xc ./source/SysTick.o
 .group         0x00000000        0xc ./source/SysTick.o
 .group         0x00000000        0xc ./source/SysTick.o
 .group         0x00000000        0xc ./source/SysTick.o
 .group         0x00000000        0xc ./source/SysTick.o
 .group         0x00000000        0xc ./source/SysTick.o
 .group         0x00000000        0xc ./source/SysTick.o
 .group         0x00000000        0xc ./source/SysTick.o
 .group         0x00000000        0xc ./source/SysTick.o
 .text          0x00000000        0x0 ./source/SysTick.o
 .data          0x00000000        0x0 ./source/SysTick.o
 .bss           0x00000000        0x0 ./source/SysTick.o
 .text.SysTick_Init
                0x00000000       0x60 ./source/SysTick.o
 .debug_info    0x00000000      0x133 ./source/SysTick.o
 .debug_abbrev  0x00000000       0xdc ./source/SysTick.o
 .debug_aranges
                0x00000000       0x20 ./source/SysTick.o
 .debug_ranges  0x00000000       0x10 ./source/SysTick.o
 .debug_macro   0x00000000       0xac ./source/SysTick.o
 .debug_macro   0x00000000      0xa5a ./source/SysTick.o
 .debug_macro   0x00000000      0x34e ./source/SysTick.o
 .debug_macro   0x00000000       0x22 ./source/SysTick.o
 .debug_macro   0x00000000       0x10 ./source/SysTick.o
 .debug_macro   0x00000000       0x5c ./source/SysTick.o
 .debug_macro   0x00000000       0x1c ./source/SysTick.o
 .debug_macro   0x00000000       0x22 ./source/SysTick.o
 .debug_macro   0x00000000       0xdf ./source/SysTick.o
 .debug_macro   0x00000000      0xecf ./source/SysTick.o
 .debug_macro   0x00000000       0x48 ./source/SysTick.o
 .debug_macro   0x00000000     0xe07b ./source/SysTick.o
 .debug_macro   0x00000000     0x122b ./source/SysTick.o
 .debug_macro   0x00000000       0x16 ./source/SysTick.o
 .debug_line    0x00000000      0x18d ./source/SysTick.o
 .debug_str     0x00000000    0x77021 ./source/SysTick.o
 .comment       0x00000000       0x7f ./source/SysTick.o
 .debug_frame   0x00000000       0x38 ./source/SysTick.o
 .ARM.attributes
                0x00000000       0x39 ./source/SysTick.o
 .group         0x00000000        0xc ./source/gpio.o
 .group         0x00000000        0xc ./source/gpio.o
 .group         0x00000000        0xc ./source/gpio.o
 .group         0x00000000        0xc ./source/gpio.o
 .group         0x00000000        0xc ./source/gpio.o
 .group         0x00000000        0xc ./source/gpio.o
 .group         0x00000000        0xc ./source/gpio.o
 .group         0x00000000        0xc ./source/gpio.o
 .group         0x00000000        0xc ./source/gpio.o
 .group         0x00000000        0xc ./source/gpio.o
 .group         0x00000000        0xc ./source/gpio.o
 .group         0x00000000        0xc ./source/gpio.o
 .group         0x00000000        0xc ./source/gpio.o
 .group         0x00000000        0xc ./source/gpio.o
 .group         0x00000000        0xc ./source/gpio.o
 .group         0x00000000        0xc ./source/gpio.o
 .group         0x00000000        0xc ./source/gpio.o
 .group         0x00000000        0xc ./source/gpio.o
 .group         0x00000000        0xc ./source/gpio.o
 .group         0x00000000        0xc ./source/gpio.o
 .group         0x00000000        0xc ./source/gpio.o
 .text          0x00000000        0x0 ./source/gpio.o
 .data          0x00000000        0x0 ./source/gpio.o
 .bss           0x00000000        0x0 ./source/gpio.o
 .text.digitalWrite
                0x00000000       0x5c ./source/gpio.o
 .rodata        0x00000000       0x1d ./source/gpio.o
 .text.digitalRead
                0x00000000       0x60 ./source/gpio.o
 .rodata.gpio.6819
                0x00000000       0x14 ./source/gpio.o
 .rodata.__func__.6829
                0x00000000        0xc ./source/gpio.o
 .rodata.gpio.6832
                0x00000000       0x14 ./source/gpio.o
 .debug_macro   0x00000000      0xa5a ./source/gpio.o
 .debug_macro   0x00000000       0x6a ./source/gpio.o
 .debug_macro   0x00000000      0x34e ./source/gpio.o
 .debug_macro   0x00000000       0x22 ./source/gpio.o
 .debug_macro   0x00000000       0x52 ./source/gpio.o
 .debug_macro   0x00000000       0x17 ./source/gpio.o
 .debug_macro   0x00000000       0x8d ./source/gpio.o
 .debug_macro   0x00000000       0x35 ./source/gpio.o
 .debug_macro   0x00000000       0x9c ./source/gpio.o
 .debug_macro   0x00000000       0x1c ./source/gpio.o
 .debug_macro   0x00000000       0x22 ./source/gpio.o
 .debug_macro   0x00000000       0x10 ./source/gpio.o
 .debug_macro   0x00000000       0x5c ./source/gpio.o
 .debug_macro   0x00000000       0x1c ./source/gpio.o
 .debug_macro   0x00000000       0x22 ./source/gpio.o
 .debug_macro   0x00000000       0xdf ./source/gpio.o
 .debug_macro   0x00000000      0xecf ./source/gpio.o
 .debug_macro   0x00000000       0x48 ./source/gpio.o
 .debug_macro   0x00000000     0xe07b ./source/gpio.o
 .debug_macro   0x00000000     0x122b ./source/gpio.o
 .debug_macro   0x00000000       0x16 ./source/gpio.o
 .group         0x00000000        0xc ./SDK/startup/hardware.o
 .group         0x00000000        0xc ./SDK/startup/hardware.o
 .group         0x00000000        0xc ./SDK/startup/hardware.o
 .group         0x00000000        0xc ./SDK/startup/hardware.o
 .group         0x00000000        0xc ./SDK/startup/hardware.o
 .group         0x00000000        0xc ./SDK/startup/hardware.o
 .group         0x00000000        0xc ./SDK/startup/hardware.o
 .group         0x00000000        0xc ./SDK/startup/hardware.o
 .group         0x00000000        0xc ./SDK/startup/hardware.o
 .group         0x00000000        0xc ./SDK/startup/hardware.o
 .group         0x00000000        0xc ./SDK/startup/hardware.o
 .group         0x00000000        0xc ./SDK/startup/hardware.o
 .group         0x00000000        0xc ./SDK/startup/hardware.o
 .text          0x00000000        0x0 ./SDK/startup/hardware.o
 .data          0x00000000        0x0 ./SDK/startup/hardware.o
 .bss           0x00000000        0x0 ./SDK/startup/hardware.o
 .debug_macro   0x00000000      0xa5a ./SDK/startup/hardware.o
 .debug_macro   0x00000000      0x34e ./SDK/startup/hardware.o
 .debug_macro   0x00000000       0x22 ./SDK/startup/hardware.o
 .debug_macro   0x00000000       0x10 ./SDK/startup/hardware.o
 .debug_macro   0x00000000       0x5c ./SDK/startup/hardware.o
 .debug_macro   0x00000000       0x1c ./SDK/startup/hardware.o
 .debug_macro   0x00000000       0x22 ./SDK/startup/hardware.o
 .debug_macro   0x00000000       0xdf ./SDK/startup/hardware.o
 .debug_macro   0x00000000      0xecf ./SDK/startup/hardware.o
 .debug_macro   0x00000000       0x48 ./SDK/startup/hardware.o
 .debug_macro   0x00000000     0xe07b ./SDK/startup/hardware.o
 .debug_macro   0x00000000     0x122b ./SDK/startup/hardware.o
 .debug_macro   0x00000000       0x16 ./SDK/startup/hardware.o
 .group         0x00000000        0xc ./SDK/startup/main.o
 .group         0x00000000        0xc ./SDK/startup/main.o
 .group         0x00000000        0xc ./SDK/startup/main.o
 .group         0x00000000        0xc ./SDK/startup/main.o
 .group         0x00000000        0xc ./SDK/startup/main.o
 .group         0x00000000        0xc ./SDK/startup/main.o
 .group         0x00000000        0xc ./SDK/startup/main.o
 .group         0x00000000        0xc ./SDK/startup/main.o
 .group         0x00000000        0xc ./SDK/startup/main.o
 .group         0x00000000        0xc ./SDK/startup/main.o
 .group         0x00000000        0xc ./SDK/startup/main.o
 .group         0x00000000        0xc ./SDK/startup/main.o
 .group         0x00000000        0xc ./SDK/startup/main.o
 .text          0x00000000        0x0 ./SDK/startup/main.o
 .data          0x00000000        0x0 ./SDK/startup/main.o
 .bss           0x00000000        0x0 ./SDK/startup/main.o
 .debug_macro   0x00000000      0xa5a ./SDK/startup/main.o
 .debug_macro   0x00000000      0x34e ./SDK/startup/main.o
 .debug_macro   0x00000000       0x22 ./SDK/startup/main.o
 .debug_macro   0x00000000       0x10 ./SDK/startup/main.o
 .debug_macro   0x00000000       0x5c ./SDK/startup/main.o
 .debug_macro   0x00000000       0x1c ./SDK/startup/main.o
 .debug_macro   0x00000000       0x22 ./SDK/startup/main.o
 .debug_macro   0x00000000       0xdf ./SDK/startup/main.o
 .debug_macro   0x00000000      0xecf ./SDK/startup/main.o
 .debug_macro   0x00000000       0x48 ./SDK/startup/main.o
 .debug_macro   0x00000000     0xe07b ./SDK/startup/main.o
 .debug_macro   0x00000000     0x122b ./SDK/startup/main.o
 .debug_macro   0x00000000       0x16 ./SDK/startup/main.o
 .group         0x00000000        0xc ./SDK/startup/semihost_hardfault.o
 .text          0x00000000        0x0 ./SDK/startup/semihost_hardfault.o
 .data          0x00000000        0x0 ./SDK/startup/semihost_hardfault.o
 .bss           0x00000000        0x0 ./SDK/startup/semihost_hardfault.o
 .debug_macro   0x00000000      0xa5a ./SDK/startup/semihost_hardfault.o
 .group         0x00000000        0xc ./SDK/startup/startup_mk64f12.o
 .text          0x00000000        0x0 ./SDK/startup/startup_mk64f12.o
 .data          0x00000000        0x0 ./SDK/startup/startup_mk64f12.o
 .bss           0x00000000        0x0 ./SDK/startup/startup_mk64f12.o
 .debug_macro   0x00000000      0xa5a ./SDK/startup/startup_mk64f12.o
 .group         0x00000000        0xc ./SDK/CMSIS/system_MK64F12.o
 .group         0x00000000        0xc ./SDK/CMSIS/system_MK64F12.o
 .group         0x00000000        0xc ./SDK/CMSIS/system_MK64F12.o
 .group         0x00000000        0xc ./SDK/CMSIS/system_MK64F12.o
 .group         0x00000000        0xc ./SDK/CMSIS/system_MK64F12.o
 .group         0x00000000        0xc ./SDK/CMSIS/system_MK64F12.o
 .group         0x00000000        0xc ./SDK/CMSIS/system_MK64F12.o
 .group         0x00000000        0xc ./SDK/CMSIS/system_MK64F12.o
 .group         0x00000000        0xc ./SDK/CMSIS/system_MK64F12.o
 .group         0x00000000        0xc ./SDK/CMSIS/system_MK64F12.o
 .group         0x00000000        0xc ./SDK/CMSIS/system_MK64F12.o
 .text          0x00000000        0x0 ./SDK/CMSIS/system_MK64F12.o
 .data          0x00000000        0x0 ./SDK/CMSIS/system_MK64F12.o
 .bss           0x00000000        0x0 ./SDK/CMSIS/system_MK64F12.o
 .data.SystemCoreClock
                0x00000000        0x4 ./SDK/CMSIS/system_MK64F12.o
 .text.SystemCoreClockUpdate
                0x00000000      0x278 ./SDK/CMSIS/system_MK64F12.o
 .debug_macro   0x00000000      0xa5a ./SDK/CMSIS/system_MK64F12.o
 .debug_macro   0x00000000      0x34e ./SDK/CMSIS/system_MK64F12.o
 .debug_macro   0x00000000       0x10 ./SDK/CMSIS/system_MK64F12.o
 .debug_macro   0x00000000       0x5c ./SDK/CMSIS/system_MK64F12.o
 .debug_macro   0x00000000       0x1c ./SDK/CMSIS/system_MK64F12.o
 .debug_macro   0x00000000       0x22 ./SDK/CMSIS/system_MK64F12.o
 .debug_macro   0x00000000       0xdf ./SDK/CMSIS/system_MK64F12.o
 .debug_macro   0x00000000      0xecf ./SDK/CMSIS/system_MK64F12.o
 .debug_macro   0x00000000       0x48 ./SDK/CMSIS/system_MK64F12.o
 .debug_macro   0x00000000     0xe07b ./SDK/CMSIS/system_MK64F12.o
 .debug_macro   0x00000000     0x122b ./SDK/CMSIS/system_MK64F12.o

Memory Configuration

Name             Origin             Length             Attributes
PROGRAM_FLASH    0x00000000         0x00100000         xr
SRAM_UPPER       0x20000000         0x00030000         xrw
SRAM_LOWER       0x1fff0000         0x00010000         xrw
FLEX_RAM         0x14000000         0x00001000         xrw
*default*        0x00000000         0xffffffff

Linker script and memory map

LOAD ./source/App.o
LOAD ./source/CircularBuffer.o
LOAD ./source/SysTick.o
LOAD ./source/gpio.o
LOAD ./SDK/startup/hardware.o
LOAD ./SDK/startup/main.o
LOAD ./SDK/startup/semihost_hardfault.o
LOAD ./SDK/startup/startup_mk64f12.o
LOAD ./SDK/CMSIS/system_MK64F12.o
START GROUP
LOAD c:/nxp/mcuxpressoide_10.2.0_759/ide/tools/bin/../lib/gcc/arm-none-eabi/7.2.1/../../../../arm-none-eabi/lib/thumb/v7e-m/fpv4-sp/hard\libcr_c.a
LOAD c:/nxp/mcuxpressoide_10.2.0_759/ide/tools/bin/../lib/gcc/arm-none-eabi/7.2.1/thumb/v7e-m/fpv4-sp/hard\libcr_eabihelpers.a
END GROUP
                0x00000000                __base_PROGRAM_FLASH = 0x0
                0x00000000                __base_Flash = 0x0
                0x00100000                __top_PROGRAM_FLASH = 0x100000
                0x00100000                __top_Flash = 0x100000
                0x20000000                __base_SRAM_UPPER = 0x20000000
                0x20000000                __base_RAM = 0x20000000
                0x20030000                __top_SRAM_UPPER = 0x20030000
                0x20030000                __top_RAM = 0x20030000
                0x1fff0000                __base_SRAM_LOWER = 0x1fff0000
                0x1fff0000                __base_RAM2 = 0x1fff0000
                0x20000000                __top_SRAM_LOWER = 0x20000000
                0x20000000                __top_RAM2 = 0x20000000
                0x14000000                __base_FLEX_RAM = 0x14000000
                0x14000000                __base_RAM3 = 0x14000000
                0x14001000                __top_FLEX_RAM = 0x14001000
                0x14001000                __top_RAM3 = 0x14001000

.text           0x00000000      0xb38
 FILL mask 0xff
                0x00000000                __vectors_start__ = ABSOLUTE (.)
 *(SORT_BY_ALIGNMENT(.isr_vector))
 .isr_vector    0x00000000      0x198 ./SDK/startup/startup_mk64f12.o
                0x00000000                g_pfnVectors
                0x00000000                __Vectors
                0x00000198                . = ALIGN (0x4)
                0x00000198                __section_table_start = .
                0x00000198                __data_section_table = .
                0x00000198        0x4 LONG 0xb38 LOADADDR (.data)
                0x0000019c        0x4 LONG 0x20000000 ADDR (.data)
                0x000001a0        0x4 LONG 0x0 SIZEOF (.data)
                0x000001a4        0x4 LONG 0xb38 LOADADDR (.data_RAM2)
                0x000001a8        0x4 LONG 0x1fff0000 ADDR (.data_RAM2)
                0x000001ac        0x4 LONG 0x0 SIZEOF (.data_RAM2)
                0x000001b0        0x4 LONG 0xb38 LOADADDR (.data_RAM3)
                0x000001b4        0x4 LONG 0x14000000 ADDR (.data_RAM3)
                0x000001b8        0x4 LONG 0x0 SIZEOF (.data_RAM3)
                0x000001bc                __data_section_table_end = .
                0x000001bc                __bss_section_table = .
                0x000001bc        0x4 LONG 0x20000000 ADDR (.bss)
                0x000001c0        0x4 LONG 0x8 SIZEOF (.bss)
                0x000001c4        0x4 LONG 0x1fff0000 ADDR (.bss_RAM2)
                0x000001c8        0x4 LONG 0x0 SIZEOF (.bss_RAM2)
                0x000001cc        0x4 LONG 0x14000000 ADDR (.bss_RAM3)
                0x000001d0        0x4 LONG 0x0 SIZEOF (.bss_RAM3)
                0x000001d4                __bss_section_table_end = .
                0x000001d4                __section_table_end = .
 *(SORT_BY_ALIGNMENT(.after_vectors*))
 .after_vectors.reset
                0x000001d4       0x4c ./SDK/startup/startup_mk64f12.o
                0x000001d4                ResetISR
 .after_vectors.init_data
                0x00000220       0x1e ./SDK/startup/startup_mk64f12.o
                0x00000220                data_init
 .after_vectors.init_bss
                0x0000023e       0x12 ./SDK/startup/startup_mk64f12.o
                0x0000023e                bss_init
 .after_vectors
                0x00000250       0x14 ./SDK/startup/startup_mk64f12.o
                0x00000250                NMI_Handler
                0x00000254                MemManage_Handler
                0x00000256                BusFault_Handler
                0x00000258                UsageFault_Handler
                0x0000025a                SVC_Handler
                0x0000025c                DebugMon_Handler
                0x0000025e                PendSV_Handler
                0x00000260                SysTick_Handler
                0x00000262                DMA_Error_DriverIRQHandler
                0x00000262                LPTMR0_DriverIRQHandler
                0x00000262                FTM1_DriverIRQHandler
                0x00000262                FTM2_DriverIRQHandler
                0x00000262                PIT2_DriverIRQHandler
                0x00000262                SDHC_DriverIRQHandler
                0x00000262                I2S0_Tx_DriverIRQHandler
                0x00000262                RTC_Seconds_DriverIRQHandler
                0x00000262                DMA6_DriverIRQHandler
                0x00000262                LLWU_DriverIRQHandler
                0x00000262                MCM_DriverIRQHandler
                0x00000262                MCG_DriverIRQHandler
                0x00000262                ENET_1588_Timer_DriverIRQHandler
                0x00000262                I2C2_DriverIRQHandler
                0x00000262                DAC1_DriverIRQHandler
                0x00000262                SPI1_DriverIRQHandler
                0x00000262                CMP1_DriverIRQHandler
                0x00000262                UART5_RX_TX_DriverIRQHandler
                0x00000262                FTM0_DriverIRQHandler
                0x00000262                IntDefaultHandler
                0x00000262                USB0_DriverIRQHandler
                0x00000262                UART5_ERR_DriverIRQHandler
                0x00000262                PORTC_DriverIRQHandler
                0x00000262                DMA11_DriverIRQHandler
                0x00000262                DAC0_DriverIRQHandler
                0x00000262                DMA10_DriverIRQHandler
                0x00000262                CMP2_DriverIRQHandler
                0x00000262                UART2_ERR_DriverIRQHandler
                0x00000262                SPI2_DriverIRQHandler
                0x00000262                LVD_LVW_DriverIRQHandler
                0x00000262                PIT0_DriverIRQHandler
                0x00000262                RNG_DriverIRQHandler
                0x00000262                DMA12_DriverIRQHandler
                0x00000262                DMA4_DriverIRQHandler
                0x00000262                UART2_RX_TX_DriverIRQHandler
                0x00000262                USBDCD_DriverIRQHandler
                0x00000262                UART3_ERR_DriverIRQHandler
                0x00000262                DMA3_DriverIRQHandler
                0x00000262                DMA8_DriverIRQHandler
                0x00000262                DMA9_DriverIRQHandler
                0x00000262                UART0_ERR_DriverIRQHandler
                0x00000262                CMT_DriverIRQHandler
                0x00000262                Reserved71_DriverIRQHandler
                0x00000262                ADC1_DriverIRQHandler
                0x00000262                PORTA_DriverIRQHandler
                0x00000262                DMA14_DriverIRQHandler
                0x00000262                PIT3_DriverIRQHandler
                0x00000262                PIT1_DriverIRQHandler
                0x00000262                WDOG_EWM_DriverIRQHandler
                0x00000262                PDB0_DriverIRQHandler
                0x00000262                RTC_DriverIRQHandler
                0x00000262                I2S0_Rx_DriverIRQHandler
                0x00000262                Read_Collision_DriverIRQHandler
                0x00000262                SWI_DriverIRQHandler
                0x00000262                UART4_RX_TX_DriverIRQHandler
                0x00000262                UART4_ERR_DriverIRQHandler
                0x00000262                PORTB_DriverIRQHandler
                0x00000262                UART0_LON_DriverIRQHandler
                0x00000262                DMA0_DriverIRQHandler
                0x00000262                DMA1_DriverIRQHandler
                0x00000262                I2C1_DriverIRQHandler
                0x00000262                UART3_RX_TX_DriverIRQHandler
                0x00000262                ENET_Receive_DriverIRQHandler
                0x00000262                DMA13_DriverIRQHandler
                0x00000262                ENET_Error_DriverIRQHandler
                0x00000262                DMA15_DriverIRQHandler
                0x00000262                UART0_RX_TX_DriverIRQHandler
                0x00000262                SPI0_DriverIRQHandler
                0x00000262                ADC0_DriverIRQHandler
                0x00000262                CMP0_DriverIRQHandler
                0x00000262                CAN0_DriverIRQHandler
                0x00000262                FTM3_DriverIRQHandler
                0x00000262                DMA5_DriverIRQHandler
                0x00000262                UART1_ERR_DriverIRQHandler
                0x00000262                DMA2_DriverIRQHandler
                0x00000262                ENET_Transmit_DriverIRQHandler
                0x00000262                PORTD_DriverIRQHandler
                0x00000262                PORTE_DriverIRQHandler
                0x00000262                FTFE_DriverIRQHandler
                0x00000262                I2C0_DriverIRQHandler
                0x00000262                DMA7_DriverIRQHandler
                0x00000262                UART1_RX_TX_DriverIRQHandler
                0x00000400                . = 0x400
 *fill*         0x00000264      0x19c ff
                0x00000400                PROVIDE (__FLASH_CONFIG_START__, .)
 *(SORT_BY_ALIGNMENT(.FlashConfig))
 .FlashConfig   0x00000400       0x10 ./SDK/startup/startup_mk64f12.o
                0x00000400                Flash_Config
                0x00000410                PROVIDE (__FLASH_CONFIG_END__, .)
                0x00000001                ASSERT (! ((__FLASH_CONFIG_START__ == __FLASH_CONFIG_END__)), Linker Flash Config Support Enabled, but no .FlashConfig section provided within application)
 *(SORT_BY_ALIGNMENT(.text*))
 .text.App_Run  0x00000410       0x18 ./source/App.o
                0x00000410                App_Run
 .text.pinMode  0x00000428      0x1c0 ./source/gpio.o
                0x00000428                pinMode
 .text.digitalToggle
                0x000005e8       0x48 ./source/gpio.o
                0x000005e8                digitalToggle
 .text.hw_Init  0x00000630      0x10c ./SDK/startup/hardware.o
                0x00000630                hw_Init
 .text.hw_EnableInterrupts
                0x0000073c       0x30 ./SDK/startup/hardware.o
                0x0000073c                hw_EnableInterrupts
 .text.hw_DisableInterrupts
                0x0000076c       0x20 ./SDK/startup/hardware.o
                0x0000076c                hw_DisableInterrupts
 .text.SystemInit
                0x0000078c       0x3c ./SDK/CMSIS/system_MK64F12.o
                0x0000078c                SystemInit
 .text.App_Init
                0x000007c8       0x10 ./source/App.o
                0x000007c8                App_Init
 .text.delayLoop
                0x000007d8       0x20 ./source/App.o
 .text.main     0x000007f8       0x1a ./SDK/startup/main.o
                0x000007f8                main
 .text.HardFault_Handler
                0x00000812       0x2c ./SDK/startup/semihost_hardfault.o
                0x00000812                HardFault_Handler
 .text.DMA0_IRQHandler
                0x0000083e        0x8 ./SDK/startup/startup_mk64f12.o
                0x0000083e                DMA0_IRQHandler
 .text.DMA1_IRQHandler
                0x00000846        0x8 ./SDK/startup/startup_mk64f12.o
                0x00000846                DMA1_IRQHandler
 .text.DMA2_IRQHandler
                0x0000084e        0x8 ./SDK/startup/startup_mk64f12.o
                0x0000084e                DMA2_IRQHandler
 .text.DMA3_IRQHandler
                0x00000856        0x8 ./SDK/startup/startup_mk64f12.o
                0x00000856                DMA3_IRQHandler
 .text.DMA4_IRQHandler
                0x0000085e        0x8 ./SDK/startup/startup_mk64f12.o
                0x0000085e                DMA4_IRQHandler
 .text.DMA5_IRQHandler
                0x00000866        0x8 ./SDK/startup/startup_mk64f12.o
                0x00000866                DMA5_IRQHandler
 .text.DMA6_IRQHandler
                0x0000086e        0x8 ./SDK/startup/startup_mk64f12.o
                0x0000086e                DMA6_IRQHandler
 .text.DMA7_IRQHandler
                0x00000876        0x8 ./SDK/startup/startup_mk64f12.o
                0x00000876                DMA7_IRQHandler
 .text.DMA8_IRQHandler
                0x0000087e        0x8 ./SDK/startup/startup_mk64f12.o
                0x0000087e                DMA8_IRQHandler
 .text.DMA9_IRQHandler
                0x00000886        0x8 ./SDK/startup/startup_mk64f12.o
                0x00000886                DMA9_IRQHandler
 .text.DMA10_IRQHandler
                0x0000088e        0x8 ./SDK/startup/startup_mk64f12.o
                0x0000088e                DMA10_IRQHandler
 .text.DMA11_IRQHandler
                0x00000896        0x8 ./SDK/startup/startup_mk64f12.o
                0x00000896                DMA11_IRQHandler
 .text.DMA12_IRQHandler
                0x0000089e        0x8 ./SDK/startup/startup_mk64f12.o
                0x0000089e                DMA12_IRQHandler
 .text.DMA13_IRQHandler
                0x000008a6        0x8 ./SDK/startup/startup_mk64f12.o
                0x000008a6                DMA13_IRQHandler
 .text.DMA14_IRQHandler
                0x000008ae        0x8 ./SDK/startup/startup_mk64f12.o
                0x000008ae                DMA14_IRQHandler
 .text.DMA15_IRQHandler
                0x000008b6        0x8 ./SDK/startup/startup_mk64f12.o
                0x000008b6                DMA15_IRQHandler
 .text.DMA_Error_IRQHandler
                0x000008be        0x8 ./SDK/startup/startup_mk64f12.o
                0x000008be                DMA_Error_IRQHandler
 .text.MCM_IRQHandler
                0x000008c6        0x8 ./SDK/startup/startup_mk64f12.o
                0x000008c6                MCM_IRQHandler
 .text.FTFE_IRQHandler
                0x000008ce        0x8 ./SDK/startup/startup_mk64f12.o
                0x000008ce                FTFE_IRQHandler
 .text.Read_Collision_IRQHandler
                0x000008d6        0x8 ./SDK/startup/startup_mk64f12.o
                0x000008d6                Read_Collision_IRQHandler
 .text.LVD_LVW_IRQHandler
                0x000008de        0x8 ./SDK/startup/startup_mk64f12.o
                0x000008de                LVD_LVW_IRQHandler
 .text.LLWU_IRQHandler
                0x000008e6        0x8 ./SDK/startup/startup_mk64f12.o
                0x000008e6                LLWU_IRQHandler
 .text.WDOG_EWM_IRQHandler
                0x000008ee        0x8 ./SDK/startup/startup_mk64f12.o
                0x000008ee                WDOG_EWM_IRQHandler
 .text.RNG_IRQHandler
                0x000008f6        0x8 ./SDK/startup/startup_mk64f12.o
                0x000008f6                RNG_IRQHandler
 .text.I2C0_IRQHandler
                0x000008fe        0x8 ./SDK/startup/startup_mk64f12.o
                0x000008fe                I2C0_IRQHandler
 .text.I2C1_IRQHandler
                0x00000906        0x8 ./SDK/startup/startup_mk64f12.o
                0x00000906                I2C1_IRQHandler
 .text.SPI0_IRQHandler
                0x0000090e        0x8 ./SDK/startup/startup_mk64f12.o
                0x0000090e                SPI0_IRQHandler
 .text.SPI1_IRQHandler
                0x00000916        0x8 ./SDK/startup/startup_mk64f12.o
                0x00000916                SPI1_IRQHandler
 .text.I2S0_Tx_IRQHandler
                0x0000091e        0x8 ./SDK/startup/startup_mk64f12.o
                0x0000091e                I2S0_Tx_IRQHandler
 .text.I2S0_Rx_IRQHandler
                0x00000926        0x8 ./SDK/startup/startup_mk64f12.o
                0x00000926                I2S0_Rx_IRQHandler
 .text.UART0_LON_IRQHandler
                0x0000092e        0x8 ./SDK/startup/startup_mk64f12.o
                0x0000092e                UART0_LON_IRQHandler
 .text.UART0_RX_TX_IRQHandler
                0x00000936        0x8 ./SDK/startup/startup_mk64f12.o
                0x00000936                UART0_RX_TX_IRQHandler
 .text.UART0_ERR_IRQHandler
                0x0000093e        0x8 ./SDK/startup/startup_mk64f12.o
                0x0000093e                UART0_ERR_IRQHandler
 .text.UART1_RX_TX_IRQHandler
                0x00000946        0x8 ./SDK/startup/startup_mk64f12.o
                0x00000946                UART1_RX_TX_IRQHandler
 .text.UART1_ERR_IRQHandler
                0x0000094e        0x8 ./SDK/startup/startup_mk64f12.o
                0x0000094e                UART1_ERR_IRQHandler
 .text.UART2_RX_TX_IRQHandler
                0x00000956        0x8 ./SDK/startup/startup_mk64f12.o
                0x00000956                UART2_RX_TX_IRQHandler
 .text.UART2_ERR_IRQHandler
                0x0000095e        0x8 ./SDK/startup/startup_mk64f12.o
                0x0000095e                UART2_ERR_IRQHandler
 .text.UART3_RX_TX_IRQHandler
                0x00000966        0x8 ./SDK/startup/startup_mk64f12.o
                0x00000966                UART3_RX_TX_IRQHandler
 .text.UART3_ERR_IRQHandler
                0x0000096e        0x8 ./SDK/startup/startup_mk64f12.o
                0x0000096e                UART3_ERR_IRQHandler
 .text.ADC0_IRQHandler
                0x00000976        0x8 ./SDK/startup/startup_mk64f12.o
                0x00000976                ADC0_IRQHandler
 .text.CMP0_IRQHandler
                0x0000097e        0x8 ./SDK/startup/startup_mk64f12.o
                0x0000097e                CMP0_IRQHandler
 .text.CMP1_IRQHandler
                0x00000986        0x8 ./SDK/startup/startup_mk64f12.o
                0x00000986                CMP1_IRQHandler
 .text.FTM0_IRQHandler
                0x0000098e        0x8 ./SDK/startup/startup_mk64f12.o
                0x0000098e                FTM0_IRQHandler
 .text.FTM1_IRQHandler
                0x00000996        0x8 ./SDK/startup/startup_mk64f12.o
                0x00000996                FTM1_IRQHandler
 .text.FTM2_IRQHandler
                0x0000099e        0x8 ./SDK/startup/startup_mk64f12.o
                0x0000099e                FTM2_IRQHandler
 .text.CMT_IRQHandler
                0x000009a6        0x8 ./SDK/startup/startup_mk64f12.o
                0x000009a6                CMT_IRQHandler
 .text.RTC_IRQHandler
                0x000009ae        0x8 ./SDK/startup/startup_mk64f12.o
                0x000009ae                RTC_IRQHandler
 .text.RTC_Seconds_IRQHandler
                0x000009b6        0x8 ./SDK/startup/startup_mk64f12.o
                0x000009b6                RTC_Seconds_IRQHandler
 .text.PIT0_IRQHandler
                0x000009be        0x8 ./SDK/startup/startup_mk64f12.o
                0x000009be                PIT0_IRQHandler
 .text.PIT1_IRQHandler
                0x000009c6        0x8 ./SDK/startup/startup_mk64f12.o
                0x000009c6                PIT1_IRQHandler
 .text.PIT2_IRQHandler
                0x000009ce        0x8 ./SDK/startup/startup_mk64f12.o
                0x000009ce                PIT2_IRQHandler
 .text.PIT3_IRQHandler
                0x000009d6        0x8 ./SDK/startup/startup_mk64f12.o
                0x000009d6                PIT3_IRQHandler
 .text.PDB0_IRQHandler
                0x000009de        0x8 ./SDK/startup/startup_mk64f12.o
                0x000009de                PDB0_IRQHandler
 .text.USB0_IRQHandler
                0x000009e6        0x8 ./SDK/startup/startup_mk64f12.o
                0x000009e6                USB0_IRQHandler
 .text.USBDCD_IRQHandler
                0x000009ee        0x8 ./SDK/startup/startup_mk64f12.o
                0x000009ee                USBDCD_IRQHandler
 .text.Reserved71_IRQHandler
                0x000009f6        0x8 ./SDK/startup/startup_mk64f12.o
                0x000009f6                Reserved71_IRQHandler
 .text.DAC0_IRQHandler
                0x000009fe        0x8 ./SDK/startup/startup_mk64f12.o
                0x000009fe                DAC0_IRQHandler
 .text.MCG_IRQHandler
                0x00000a06        0x8 ./SDK/startup/startup_mk64f12.o
                0x00000a06                MCG_IRQHandler
 .text.LPTMR0_IRQHandler
                0x00000a0e        0x8 ./SDK/startup/startup_mk64f12.o
                0x00000a0e                LPTMR0_IRQHandler
 .text.PORTA_IRQHandler
                0x00000a16        0x8 ./SDK/startup/startup_mk64f12.o
                0x00000a16                PORTA_IRQHandler
 .text.PORTB_IRQHandler
                0x00000a1e        0x8 ./SDK/startup/startup_mk64f12.o
                0x00000a1e                PORTB_IRQHandler
 .text.PORTC_IRQHandler
                0x00000a26        0x8 ./SDK/startup/startup_mk64f12.o
                0x00000a26                PORTC_IRQHandler
 .text.PORTD_IRQHandler
                0x00000a2e        0x8 ./SDK/startup/startup_mk64f12.o
                0x00000a2e                PORTD_IRQHandler
 .text.PORTE_IRQHandler
                0x00000a36        0x8 ./SDK/startup/startup_mk64f12.o
                0x00000a36                PORTE_IRQHandler
 .text.SWI_IRQHandler
                0x00000a3e        0x8 ./SDK/startup/startup_mk64f12.o
                0x00000a3e                SWI_IRQHandler
 .text.SPI2_IRQHandler
                0x00000a46        0x8 ./SDK/startup/startup_mk64f12.o
                0x00000a46                SPI2_IRQHandler
 .text.UART4_RX_TX_IRQHandler
                0x00000a4e        0x8 ./SDK/startup/startup_mk64f12.o
                0x00000a4e                UART4_RX_TX_IRQHandler
 .text.UART4_ERR_IRQHandler
                0x00000a56        0x8 ./SDK/startup/startup_mk64f12.o
                0x00000a56                UART4_ERR_IRQHandler
 .text.UART5_RX_TX_IRQHandler
                0x00000a5e        0x8 ./SDK/startup/startup_mk64f12.o
                0x00000a5e                UART5_RX_TX_IRQHandler
 .text.UART5_ERR_IRQHandler
                0x00000a66        0x8 ./SDK/startup/startup_mk64f12.o
                0x00000a66                UART5_ERR_IRQHandler
 .text.CMP2_IRQHandler
                0x00000a6e        0x8 ./SDK/startup/startup_mk64f12.o
                0x00000a6e                CMP2_IRQHandler
 .text.FTM3_IRQHandler
                0x00000a76        0x8 ./SDK/startup/startup_mk64f12.o
                0x00000a76                FTM3_IRQHandler
 .text.DAC1_IRQHandler
                0x00000a7e        0x8 ./SDK/startup/startup_mk64f12.o
                0x00000a7e                DAC1_IRQHandler
 .text.ADC1_IRQHandler
                0x00000a86        0x8 ./SDK/startup/startup_mk64f12.o
                0x00000a86                ADC1_IRQHandler
 .text.I2C2_IRQHandler
                0x00000a8e        0x8 ./SDK/startup/startup_mk64f12.o
                0x00000a8e                I2C2_IRQHandler
 .text.CAN0_ORed_Message_buffer_IRQHandler
                0x00000a96        0x8 ./SDK/startup/startup_mk64f12.o
                0x00000a96                CAN0_ORed_Message_buffer_IRQHandler
 .text.CAN0_Bus_Off_IRQHandler
                0x00000a9e        0x8 ./SDK/startup/startup_mk64f12.o
                0x00000a9e                CAN0_Bus_Off_IRQHandler
 .text.CAN0_Error_IRQHandler
                0x00000aa6        0x8 ./SDK/startup/startup_mk64f12.o
                0x00000aa6                CAN0_Error_IRQHandler
 .text.CAN0_Tx_Warning_IRQHandler
                0x00000aae        0x8 ./SDK/startup/startup_mk64f12.o
                0x00000aae                CAN0_Tx_Warning_IRQHandler
 .text.CAN0_Rx_Warning_IRQHandler
                0x00000ab6        0x8 ./SDK/startup/startup_mk64f12.o
                0x00000ab6                CAN0_Rx_Warning_IRQHandler
 .text.CAN0_Wake_Up_IRQHandler
                0x00000abe        0x8 ./SDK/startup/startup_mk64f12.o
                0x00000abe                CAN0_Wake_Up_IRQHandler
 .text.SDHC_IRQHandler
                0x00000ac6        0x8 ./SDK/startup/startup_mk64f12.o
                0x00000ac6                SDHC_IRQHandler
 .text.ENET_1588_Timer_IRQHandler
                0x00000ace        0x8 ./SDK/startup/startup_mk64f12.o
                0x00000ace                ENET_1588_Timer_IRQHandler
 .text.ENET_Transmit_IRQHandler
                0x00000ad6        0x8 ./SDK/startup/startup_mk64f12.o
                0x00000ad6                ENET_Transmit_IRQHandler
 .text.ENET_Receive_IRQHandler
                0x00000ade        0x8 ./SDK/startup/startup_mk64f12.o
                0x00000ade                ENET_Receive_IRQHandler
 .text.ENET_Error_IRQHandler
                0x00000ae6        0x8 ./SDK/startup/startup_mk64f12.o
                0x00000ae6                ENET_Error_IRQHandler
 .text.SystemInitHook
                0x00000aee        0xe ./SDK/CMSIS/system_MK64F12.o
                0x00000aee                SystemInitHook
 *(SORT_BY_ALIGNMENT(.rodata) SORT_BY_ALIGNMENT(.rodata.*) SORT_BY_ALIGNMENT(.constdata) SORT_BY_ALIGNMENT(.constdata.*))
 .rodata.ports.6806
                0x00000afc       0x14 ./source/gpio.o
 .rodata.gpio.6807
                0x00000b10       0x14 ./source/gpio.o
 .rodata.gpio.6825
                0x00000b24       0x14 ./source/gpio.o
                0x00000b38                . = ALIGN (0x8)

.glue_7         0x00000b38        0x0
 .glue_7        0x00000b38        0x0 linker stubs

.glue_7t        0x00000b38        0x0
 .glue_7t       0x00000b38        0x0 linker stubs

.vfp11_veneer   0x00000b38        0x0
 .vfp11_veneer  0x00000b38        0x0 linker stubs

.v4_bx          0x00000b38        0x0
 .v4_bx         0x00000b38        0x0 linker stubs

.iplt           0x00000b38        0x0
 .iplt          0x00000b38        0x0 ./source/App.o

.rel.dyn        0x00000b38        0x0
 .rel.iplt      0x00000b38        0x0 ./source/App.o

.ARM.extab
 *(SORT_BY_ALIGNMENT(.ARM.extab*) SORT_BY_ALIGNMENT(.gnu.linkonce.armextab.*))
                0x00000b38                __exidx_start = .

.ARM.exidx
 *(SORT_BY_ALIGNMENT(.ARM.exidx*) SORT_BY_ALIGNMENT(.gnu.linkonce.armexidx.*))
                0x00000b38                __exidx_end = .
                0x00000b38                _etext = .

.m_usb_data
 *(SORT_BY_ALIGNMENT(m_usb_bdt))

.data_RAM2      0x1fff0000        0x0 load address 0x00000b38
 FILL mask 0xff
                [!provide]                PROVIDE (__start_data_RAM2, .)
 *(SORT_BY_ALIGNMENT(.ramfunc.$RAM2))
 *(SORT_BY_ALIGNMENT(.ramfunc.$SRAM_LOWER))
 *(SORT_BY_ALIGNMENT(.data.$RAM2*))
 *(SORT_BY_ALIGNMENT(.data.$SRAM_LOWER*))
                0x1fff0000                . = ALIGN (0x8)
                [!provide]                PROVIDE (__end_data_RAM2, .)

.data_RAM3      0x14000000        0x0 load address 0x00000b38
 FILL mask 0xff
                [!provide]                PROVIDE (__start_data_RAM3, .)
 *(SORT_BY_ALIGNMENT(.ramfunc.$RAM3))
 *(SORT_BY_ALIGNMENT(.ramfunc.$FLEX_RAM))
 *(SORT_BY_ALIGNMENT(.data.$RAM3*))
 *(SORT_BY_ALIGNMENT(.data.$FLEX_RAM*))
                0x14000000                . = ALIGN (0x8)
                [!provide]                PROVIDE (__end_data_RAM3, .)

.uninit_RESERVED
                0x20000000        0x0
 *(SORT_BY_ALIGNMENT(.bss.$RESERVED*))
                0x20000000                . = ALIGN (0x4)
                0x20000000                _end_uninit_RESERVED = .

.data           0x20000000        0x0 load address 0x00000b38
 FILL mask 0xff
                0x20000000                _data = .
 *(SORT_BY_ALIGNMENT(vtable))
 *(SORT_BY_ALIGNMENT(.ramfunc*))
 *(SORT_BY_ALIGNMENT(.data*))
                0x20000000                . = ALIGN (0x8)
                0x20000000                _edata = .

.igot.plt       0x20000000        0x0 load address 0x00000b38
 .igot.plt      0x20000000        0x0 ./source/App.o

.bss_RAM2       0x1fff0000        0x0
                [!provide]                PROVIDE (__start_bss_RAM2, .)
 *(SORT_BY_ALIGNMENT(.bss.$RAM2*))
 *(SORT_BY_ALIGNMENT(.bss.$SRAM_LOWER*))
                0x1fff0000                . = ALIGN ((. != 0x0)?0x8:0x1)
                [!provide]                PROVIDE (__end_bss_RAM2, .)

.bss_RAM3       0x14000000        0x0
                [!provide]                PROVIDE (__start_bss_RAM3, .)
 *(SORT_BY_ALIGNMENT(.bss.$RAM3*))
 *(SORT_BY_ALIGNMENT(.bss.$FLEX_RAM*))
                0x14000000                . = ALIGN ((. != 0x0)?0x8:0x1)
                [!provide]                PROVIDE (__end_bss_RAM3, .)

.bss            0x20000000        0x8
                0x20000000                _bss = .
 *(SORT_BY_ALIGNMENT(.bss*))
 .bss.__LDM_interruptDisableCount
                0x20000000        0x4 ./SDK/startup/hardware.o
 *(SORT_BY_ALIGNMENT(COMMON))
                0x20000008                . = ALIGN (0x8)
 *fill*         0x20000004        0x4 
                0x20000008                _ebss = .
                [!provide]                PROVIDE (end, .)

.noinit_RAM2    0x1fff0000        0x0
 *(SORT_BY_ALIGNMENT(.noinit.$RAM2*))
 *(SORT_BY_ALIGNMENT(.noinit.$SRAM_LOWER*))
                0x1fff0000                . = ALIGN (0x8)

.noinit_RAM3    0x14000000        0x0
 *(SORT_BY_ALIGNMENT(.noinit.$RAM3*))
 *(SORT_BY_ALIGNMENT(.noinit.$FLEX_RAM*))
                0x14000000                . = ALIGN (0x8)

.noinit         0x20000008        0x0
                0x20000008                _noinit = .
 *(SORT_BY_ALIGNMENT(.noinit*))
                0x20000008                . = ALIGN (0x8)
                0x20000008                _end_noinit = .
                0x00001000                _HeapSize = 0x1000

.heap           0x20000008     0x1000
                0x20000008                _pvHeapStart = .
                0x20001008                . = (. + _HeapSize)
 *fill*         0x20000008     0x1000 
                0x20001008                . = ALIGN (0x8)
                0x20001008                _pvHeapLimit = .
                0x00001000                _StackSize = 0x1000

.heap2stackfill
                0x20001008     0x1000
                0x20002008                . = (. + _StackSize)
 *fill*         0x20001008     0x1000 

.stack          0x2002f000        0x0
                0x2002f000                _vStackBase = .
                0x2002f000                . = ALIGN (0x8)
                0x20030000                _vStackTop = (. + _StackSize)
                0x00000000                _image_start = LOADADDR (.text)
                0x00000b38                _image_end = (LOADADDR (.data) + SIZEOF (.data))
                0x00000b38                _image_size = (_image_end - _image_start)
OUTPUT(Control de Acceso.axf elf32-littlearm)

.debug_info     0x00000000     0x1aa9
 .debug_info    0x00000000       0xe8 ./source/App.o
 .debug_info    0x000000e8      0x3ae ./source/gpio.o
 .debug_info    0x00000496      0x675 ./SDK/startup/hardware.o
 .debug_info    0x00000b0b       0xb7 ./SDK/startup/main.o
 .debug_info    0x00000bc2       0x3b ./SDK/startup/semihost_hardfault.o
 .debug_info    0x00000bfd      0x8b0 ./SDK/startup/startup_mk64f12.o
 .debug_info    0x000014ad      0x5fc ./SDK/CMSIS/system_MK64F12.o

.debug_abbrev   0x00000000      0x64e
 .debug_abbrev  0x00000000       0x93 ./source/App.o
 .debug_abbrev  0x00000093      0x13c ./source/gpio.o
 .debug_abbrev  0x000001cf      0x138 ./SDK/startup/hardware.o
 .debug_abbrev  0x00000307       0x7d ./SDK/startup/main.o
 .debug_abbrev  0x00000384       0x2f ./SDK/startup/semihost_hardfault.o
 .debug_abbrev  0x000003b3      0x15c ./SDK/startup/startup_mk64f12.o
 .debug_abbrev  0x0000050f      0x13f ./SDK/CMSIS/system_MK64F12.o

.debug_aranges  0x00000000      0x438
 .debug_aranges
                0x00000000       0x30 ./source/App.o
 .debug_aranges
                0x00000030       0x38 ./source/gpio.o
 .debug_aranges
                0x00000068       0x30 ./SDK/startup/hardware.o
 .debug_aranges
                0x00000098       0x20 ./SDK/startup/main.o
 .debug_aranges
                0x000000b8       0x20 ./SDK/startup/semihost_hardfault.o
 .debug_aranges
                0x000000d8      0x330 ./SDK/startup/startup_mk64f12.o
 .debug_aranges
                0x00000408       0x30 ./SDK/CMSIS/system_MK64F12.o

.debug_ranges   0x00000000      0x3c8
 .debug_ranges  0x00000000       0x20 ./source/App.o
 .debug_ranges  0x00000020       0x28 ./source/gpio.o
 .debug_ranges  0x00000048       0x20 ./SDK/startup/hardware.o
 .debug_ranges  0x00000068       0x10 ./SDK/startup/main.o
 .debug_ranges  0x00000078       0x10 ./SDK/startup/semihost_hardfault.o
 .debug_ranges  0x00000088      0x320 ./SDK/startup/startup_mk64f12.o
 .debug_ranges  0x000003a8       0x20 ./SDK/CMSIS/system_MK64F12.o

.debug_macro    0x00000000     0x1391
 .debug_macro   0x00000000       0x88 ./source/App.o
 .debug_macro   0x00000088      0xa5a ./source/App.o
 .debug_macro   0x00000ae2       0x6a ./source/App.o
 .debug_macro   0x00000b4c      0x34e ./source/App.o
 .debug_macro   0x00000e9a       0x22 ./source/App.o
 .debug_macro   0x00000ebc       0x52 ./source/App.o
 .debug_macro   0x00000f0e       0x17 ./source/App.o
 .debug_macro   0x00000f25       0x8d ./source/App.o
 .debug_macro   0x00000fb2       0x35 ./source/App.o
 .debug_macro   0x00000fe7       0x9c ./source/App.o
 .debug_macro   0x00001083       0x1c ./source/App.o
 .debug_macro   0x0000109f      0x100 ./source/gpio.o
 .debug_macro   0x0000119f       0x9c ./SDK/startup/hardware.o
 .debug_macro   0x0000123b       0x9c ./SDK/startup/main.o
 .debug_macro   0x000012d7       0x11 ./SDK/startup/semihost_hardfault.o
 .debug_macro   0x000012e8       0x29 ./SDK/startup/startup_mk64f12.o
 .debug_macro   0x00001311       0x80 ./SDK/CMSIS/system_MK64F12.o

.debug_line     0x00000000     0x1175
 .debug_line    0x00000000      0x214 ./source/App.o
 .debug_line    0x00000214      0x31e ./source/gpio.o
 .debug_line    0x00000532      0x1d6 ./SDK/startup/hardware.o
 .debug_line    0x00000708      0x175 ./SDK/startup/main.o
 .debug_line    0x0000087d       0x59 ./SDK/startup/semihost_hardfault.o
 .debug_line    0x000008d6      0x6d8 ./SDK/startup/startup_mk64f12.o
 .debug_line    0x00000fae      0x1c7 ./SDK/CMSIS/system_MK64F12.o

.debug_str      0x00000000    0x78263
 .debug_str     0x00000000     0x3ead ./source/App.o
                               0x4017 (size before relaxing)
 .debug_str     0x00003ead    0x738a0 ./source/gpio.o
                              0x778a9 (size before relaxing)
 .debug_str     0x0007774d      0x229 ./SDK/startup/hardware.o
                              0x771ee (size before relaxing)
 .debug_str     0x00077976       0x1b ./SDK/startup/main.o
                              0x76fc2 (size before relaxing)
 .debug_str     0x00077991       0x36 ./SDK/startup/semihost_hardfault.o
                               0x2d28 (size before relaxing)
 .debug_str     0x000779c7      0x83a ./SDK/startup/startup_mk64f12.o
                               0x3596 (size before relaxing)
 .debug_str     0x00078201       0x62 ./SDK/CMSIS/system_MK64F12.o
                              0x770fd (size before relaxing)

.comment        0x00000000       0x7e
 .comment       0x00000000       0x7e ./source/App.o
                                 0x7f (size before relaxing)
 .comment       0x0000007e       0x7f ./source/gpio.o
 .comment       0x0000007e       0x7f ./SDK/startup/hardware.o
 .comment       0x0000007e       0x7f ./SDK/startup/main.o
 .comment       0x0000007e       0x7f ./SDK/startup/semihost_hardfault.o
 .comment       0x0000007e       0x7f ./SDK/startup/startup_mk64f12.o
 .comment       0x0000007e       0x7f ./SDK/CMSIS/system_MK64F12.o

.ARM.attributes
                0x00000000       0x39
 .ARM.attributes
                0x00000000       0x39 ./source/App.o
 .ARM.attributes
                0x00000039       0x39 ./source/gpio.o
 .ARM.attributes
                0x00000072       0x39 ./SDK/startup/hardware.o
 .ARM.attributes
                0x000000ab       0x39 ./SDK/startup/main.o
 .ARM.attributes
                0x000000e4       0x39 ./SDK/startup/semihost_hardfault.o
 .ARM.attributes
                0x0000011d       0x39 ./SDK/startup/startup_mk64f12.o
 .ARM.attributes
                0x00000156       0x39 ./SDK/CMSIS/system_MK64F12.o

.debug_frame    0x00000000      0xb50
 .debug_frame   0x00000000       0x70 ./source/App.o
 .debug_frame   0x00000070       0xac ./source/gpio.o
 .debug_frame   0x0000011c       0x70 ./SDK/startup/hardware.o
 .debug_frame   0x0000018c       0x2c ./SDK/startup/main.o
 .debug_frame   0x000001b8       0x20 ./SDK/startup/semihost_hardfault.o
 .debug_frame   0x000001d8      0x904 ./SDK/startup/startup_mk64f12.o
 .debug_frame   0x00000adc       0x74 ./SDK/CMSIS/system_MK64F12.o
